// Vitest Snapshot v1, https://vitest.dev/guide/snapshot.html

exports[`the art of every committed world > pins the assignment of every committed world, so a change is deliberate 1`] = `
{
  "worlds/forge.json": [
    "bar:g2.1.0.12+8",
    "brick:g7.0.0.7+24",
    "clay:g7.1.5.27+12",
    "dust:g4.2.5.13+7",
    "frame:g2.2.6.10+28",
    "glass:g2.0.7.23+14",
    "lamp:g6.1.5.21+24",
    "nail:g6.2.1.19+15",
    "ore:g5.1.7.25+9",
    "plank:g3.1.5.13+1",
    "rod:g4.0.4.6+4",
    "wood:g5.1.3.9+25",
  ],
  "worlds/generated/forge-7.json": [
    "doudrur:g2.1.4.8+10",
    "drinefoun:g1.2.0.29+12",
    "glavruzael:g0.1.3.7+11",
    "glirol:g3.0.1.30+28",
    "lugli:g5.0.6.24+14",
    "naeviozhum:g7.0.4.23+11",
    "plaevratael:g5.1.2.3+9",
    "pluzhouvio:g3.1.2.13+0",
    "tepitil:g0.2.5.18+19",
    "thegen:g2.0.0.17+3",
    "vriobeno:g7.0.5.14+21",
    "zibael:g4.1.2.17+22",
  ],
  "worlds/generated/forge-8-perturbed.json": [
    "fazhio:g4.2.6.25+13",
    "louthiox:g3.1.4.1+22",
    "lududu:g7.1.2.10+23",
    "ridrath:g7.1.4.16+11",
    "riokraris:g5.1.7.3+9",
    "taeglaemi:g3.0.3.21+22",
    "taplith:g7.2.7.7+31",
    "zhaefe:g3.0.1.25+28",
    "zheplavu:g1.0.7.3+20",
    "zhukros:g4.1.1.5+22",
    "zhupar:g2.0.7.31+16",
    "zidrus:g5.0.3.30+18",
  ],
  "worlds/generated/minecraft-inspired-7.json": [
    "braevin:g5.1.3.19+3",
    "doudrur:g2.1.4.8+10",
    "drinefoun:g1.2.0.29+12",
    "glavruzael:g0.1.3.7+11",
    "glirol:g3.0.1.30+28",
    "lugli:g5.0.6.24+14",
    "naeviozhum:g7.0.4.23+11",
    "plaevratael:g5.1.2.3+9",
    "pluzhouvio:g3.1.2.13+0",
    "tepitil:g0.2.5.18+19",
    "thegen:g2.0.0.17+3",
    "vriobeno:g7.0.5.14+21",
    "zibael:g4.1.2.17+22",
  ],
  "worlds/minecraft-inspired.json": [
    "cobblestone:drawn",
    "crafting_table:drawn",
    "iron_ingot:drawn",
    "iron_pickaxe:drawn",
    "iron_sword:drawn",
    "oak_log:drawn",
    "oak_planks:drawn",
    "oak_slab:drawn",
    "stick:drawn",
    "stone_pickaxe:drawn",
    "stone_sword:drawn",
    "wooden_pickaxe:drawn",
    "wooden_sword:drawn",
  ],
  "worlds/woodworking.json": [
    "log:g3.2.0.9+10",
    "plank:g3.1.5.13+1",
    "rod:g4.0.4.6+4",
    "seat:g4.2.3.9+27",
    "wooden_stool:g0.1.7.14+23",
  ],
}
`;
